
> vite-react-typescript-starter@0.0.0 build
> vite build

[36mvite v5.4.8 [32mbuilding for production...[36m[39m
transforming...
node.exe : Browserslist
: caniuse-lite is outda
ted. Please run:
At line:1 char:1
+ & "C:\Program Files\n
odejs/node.exe" "C:\Pro
gram Files\nodejs/node_
mo ...
+ ~~~~~~~~~~~~~~~~~~~~~
~~~~~~~~~~~~~~~~~~~~~~~
~~~~~~~~~~~~~~~~~~~~~~~
~~
    + CategoryInfo     
         : NotSpecifi  
  ed: (Browserslist:   
  c...ed. Please ru    
n::String) [], Rem    o
teException
    + FullyQualifiedEr 
   rorId : NativeComm  
  andError
 
  npx update-browsersli
st-db@latest
  Why you should do it 
regularly: https://gith
ub.com/browserslist/upd
ate-db#readme
[32mÔ£ô[39m 1532 modules transformed.
[31mx[39m Build faile
d in 1.96s
[31merror during build
:
[31msrc/pages/VideosPa
ge.tsx (4:9): "getWatch
edVideos" is not export
ed by "src/lib/watchHis
tory.ts", imported by "
src/pages/VideosPage.ts
x".[31m
file: [36mC:/Users/the
wo/OneDrive/Desktop/Bob
inKardesler-main/src/pa
ges/VideosPage.tsx:4:9
[31m
[33m
2: import { Eye, Thumbs
Up, Play, CheckCircle2,
 Filter } from 'lucide-
react';
3: import { getLatestVi
deos, formatNumber, for
matDate, type YouTubeVi
deo } from '../lib/yout
ube';
4: import { getWatchedV
ideos, markVideoAsWatch
ed } from '../lib/watch
History';
            ^
5: import { PageLayout 
} from '../components/P
ageLayout';
[31m
    at getRollupError (
file:///C:/Users/thewo/
OneDrive/Desktop/BobinK
ardesler-main/node_modu
les/rollup/dist/es/shar
ed/parseAst.js:395:41)
    at error (file:///C
:/Users/thewo/OneDrive/
Desktop/BobinKardesler-
main/node_modules/rollu
p/dist/es/shared/parseA
st.js:391:42)
    at Module.error (fi
le:///C:/Users/thewo/On
eDrive/Desktop/BobinKar
desler-main/node_module
s/rollup/dist/es/shared
/node-entry.js:15535:16
)
    at Module.traceVari
able (file:///C:/Users/
thewo/OneDrive/Desktop/
BobinKardesler-main/nod
e_modules/rollup/dist/e
s/shared/node-entry.js:
15984:29)
    at ModuleScope.find
Variable (file:///C:/Us
ers/thewo/OneDrive/Desk
top/BobinKardesler-main
/node_modules/rollup/di
st/es/shared/node-entry
.js:13770:39)
    at FunctionScope.fi
ndVariable (file:///C:/
Users/thewo/OneDrive/De
sktop/BobinKardesler-ma
in/node_modules/rollup/
dist/es/shared/node-ent
ry.js:5252:38)
    at FunctionBodyScop
e.findVariable (file://
/C:/Users/thewo/OneDriv
e/Desktop/BobinKardesle
r-main/node_modules/rol
lup/dist/es/shared/node
-entry.js:5252:38)
    at FunctionScope.fi
ndVariable (file:///C:/
Users/thewo/OneDrive/De
sktop/BobinKardesler-ma
in/node_modules/rollup/
dist/es/shared/node-ent
ry.js:5252:38)
    at FunctionBodyScop
e.findVariable (file://
/C:/Users/thewo/OneDriv
e/Desktop/BobinKardesle
r-main/node_modules/rol
lup/dist/es/shared/node
-entry.js:5252:38)
    at Identifier.bind 
(file:///C:/Users/thewo
/OneDrive/Desktop/Bobin
Kardesler-main/node_mod
ules/rollup/dist/es/sha
red/node-entry.js:5035:
40)[39m
